[
  {
    "@level": "info",
    "@message": "Expanding",
    "@module": "provider.autoflex",
    "autoflex.source.type": "*github.com/hashicorp/terraform-provider-aws/internal/framework/flex.tfSingleStringField",
    "autoflex.target.type": "*github.com/hashicorp/terraform-provider-aws/internal/framework/flex.emptyStruct"
  },
  {
    "@level": "info",
    "@message": "Converting",
    "@module": "provider.autoflex",
    "autoflex.source.path": "",
    "autoflex.source.type": "github.com/hashicorp/terraform-provider-aws/internal/framework/flex.tfSingleStringField",
    "autoflex.target.path": "",
    "autoflex.target.type": "*github.com/hashicorp/terraform-provider-aws/internal/framework/flex.emptyStruct"
  },
  {
    "@level": "debug",
    "@message": "No corresponding field",
    "@module": "provider.autoflex",
    "autoflex.source.fieldname": "Field1",
    "autoflex.source.path": "",
    "autoflex.source.type": "github.com/hashicorp/terraform-provider-aws/internal/framework/flex.tfSingleStringField",
    "autoflex.target.path": "",
    "autoflex.target.type": "*github.com/hashicorp/terraform-provider-aws/internal/framework/flex.emptyStruct"
  }
]