[
  {
    "@level": "info",
    "@message": "Flattening",
    "@module": "provider.autoflex",
    "autoflex.source.type": "*github.com/hashicorp/terraform-provider-aws/internal/framework/flex.awsNestedMapOfString",
    "autoflex.target.type": "*github.com/hashicorp/terraform-provider-aws/internal/framework/flex.tfNestedMapOfString"
  },
  {
    "@level": "info",
    "@message": "Converting",
    "@module": "provider.autoflex",
    "autoflex.source.path": "",
    "autoflex.source.type": "github.com/hashicorp/terraform-provider-aws/internal/framework/flex.awsNestedMapOfString",
    "autoflex.target.path": "",
    "autoflex.target.type": "*github.com/hashicorp/terraform-provider-aws/internal/framework/flex.tfNestedMapOfString"
  },
  {
    "@level": "trace",
    "@message": "Matched fields",
    "@module": "provider.autoflex",
    "autoflex.source.fieldname": "FieldOuter",
    "autoflex.source.path": "",
    "autoflex.source.type": "github.com/hashicorp/terraform-provider-aws/internal/framework/flex.awsNestedMapOfString",
    "autoflex.target.fieldname": "FieldOuter",
    "autoflex.target.path": "",
    "autoflex.target.type": "*github.com/hashicorp/terraform-provider-aws/internal/framework/flex.tfNestedMapOfString"
  },
  {
    "@level": "info",
    "@message": "Converting",
    "@module": "provider.autoflex",
    "autoflex.source.path": "FieldOuter",
    "autoflex.source.type": "github.com/hashicorp/terraform-provider-aws/internal/framework/flex.awsMapOfString",
    "autoflex.target.path": "FieldOuter",
    "autoflex.target.type": "github.com/hashicorp/terraform-provider-aws/internal/framework/types.ListNestedObjectValueOf[github.com/hashicorp/terraform-provider-aws/internal/framework/flex.tfMapOfString]"
  },
  {
    "@level": "trace",
    "@message": "Matched fields",
    "@module": "provider.autoflex",
    "autoflex.source.fieldname": "FieldInner",
    "autoflex.source.path": "FieldOuter",
    "autoflex.source.type": "github.com/hashicorp/terraform-provider-aws/internal/framework/flex.awsMapOfString",
    "autoflex.target.fieldname": "FieldInner",
    "autoflex.target.path": "FieldOuter",
    "autoflex.target.type": "*github.com/hashicorp/terraform-provider-aws/internal/framework/flex.tfMapOfString"
  },
  {
    "@level": "info",
    "@message": "Converting",
    "@module": "provider.autoflex",
    "autoflex.source.path": "FieldOuter.FieldInner",
    "autoflex.source.type": "map[string]string",
    "autoflex.target.path": "FieldOuter.FieldInner",
    "autoflex.target.type": "github.com/hashicorp/terraform-provider-aws/internal/framework/types.MapValueOf[github.com/hashicorp/terraform-plugin-framework/types/basetypes.StringValue]"
  },
  {
    "@level": "trace",
    "@message": "Flattening with MapValue",
    "@module": "provider.autoflex",
    "autoflex.source.path": "FieldOuter.FieldInner",
    "autoflex.source.size": 1,
    "autoflex.source.type": "map[string]string",
    "autoflex.target.path": "FieldOuter.FieldInner",
    "autoflex.target.type": "github.com/hashicorp/terraform-provider-aws/internal/framework/types.MapValueOf[github.com/hashicorp/terraform-plugin-framework/types/basetypes.StringValue]"
  }
]