[
  {
    "@level": "info",
    "@message": "Expanding",
    "@module": "provider.autoflex",
    "autoflex.source.type": "github.com/hashicorp/terraform-provider-aws/internal/framework/flex.tfTypedExpanderListNestedObject",
    "autoflex.target.type": "*github.com/hashicorp/terraform-provider-aws/internal/framework/flex.awsExpanderStructSlice"
  },
  {
    "@level": "info",
    "@message": "Converting",
    "@module": "provider.autoflex",
    "autoflex.source.path": "",
    "autoflex.source.type": "github.com/hashicorp/terraform-provider-aws/internal/framework/flex.tfTypedExpanderListNestedObject",
    "autoflex.target.path": "",
    "autoflex.target.type": "*github.com/hashicorp/terraform-provider-aws/internal/framework/flex.awsExpanderStructSlice"
  },
  {
    "@level": "trace",
    "@message": "Matched fields",
    "@module": "provider.autoflex",
    "autoflex.source.fieldname": "Field1",
    "autoflex.source.path": "",
    "autoflex.source.type": "github.com/hashicorp/terraform-provider-aws/internal/framework/flex.tfTypedExpanderListNestedObject",
    "autoflex.target.fieldname": "Field1",
    "autoflex.target.path": "",
    "autoflex.target.type": "*github.com/hashicorp/terraform-provider-aws/internal/framework/flex.awsExpanderStructSlice"
  },
  {
    "@level": "info",
    "@message": "Converting",
    "@module": "provider.autoflex",
    "autoflex.source.path": "Field1",
    "autoflex.source.type": "github.com/hashicorp/terraform-provider-aws/internal/framework/types.ListNestedObjectValueOf[github.com/hashicorp/terraform-provider-aws/internal/framework/flex.tfTypedExpander]",
    "autoflex.target.path": "Field1",
    "autoflex.target.type": "[]github.com/hashicorp/terraform-provider-aws/internal/framework/flex.awsExpander"
  },
  {
    "@level": "trace",
    "@message": "Expanding nested object collection",
    "@module": "provider.autoflex",
    "autoflex.source.path": "Field1",
    "autoflex.source.size": 2,
    "autoflex.source.type": "github.com/hashicorp/terraform-provider-aws/internal/framework/types.ListNestedObjectValueOf[github.com/hashicorp/terraform-provider-aws/internal/framework/flex.tfTypedExpander]",
    "autoflex.target.path": "Field1",
    "autoflex.target.type": "[]github.com/hashicorp/terraform-provider-aws/internal/framework/flex.awsExpander"
  },
  {
    "@level": "info",
    "@message": "Source implements flex.TypedExpander",
    "@module": "provider.autoflex",
    "autoflex.source.path": "Field1[0]",
    "autoflex.source.type": "github.com/hashicorp/terraform-provider-aws/internal/framework/flex.tfTypedExpander",
    "autoflex.target.path": "Field1[0]",
    "autoflex.target.type": "*github.com/hashicorp/terraform-provider-aws/internal/framework/flex.awsExpander"
  },
  {
    "@level": "info",
    "@message": "Source implements flex.TypedExpander",
    "@module": "provider.autoflex",
    "autoflex.source.path": "Field1[1]",
    "autoflex.source.type": "github.com/hashicorp/terraform-provider-aws/internal/framework/flex.tfTypedExpander",
    "autoflex.target.path": "Field1[1]",
    "autoflex.target.type": "*github.com/hashicorp/terraform-provider-aws/internal/framework/flex.awsExpander"
  }
]