[
  {
    "@level": "info",
    "@message": "Expanding",
    "@module": "provider.autoflex",
    "autoflex.source.type": "github.com/hashicorp/terraform-provider-aws/internal/framework/flex.tfTypedExpander",
    "autoflex.target.type": "*github.com/hashicorp/terraform-provider-aws/internal/framework/flex.awsExpanderIncompatible"
  },
  {
    "@level": "info",
    "@message": "Converting",
    "@module": "provider.autoflex",
    "autoflex.source.path": "",
    "autoflex.source.type": "github.com/hashicorp/terraform-provider-aws/internal/framework/flex.tfTypedExpander",
    "autoflex.target.path": "",
    "autoflex.target.type": "*github.com/hashicorp/terraform-provider-aws/internal/framework/flex.awsExpanderIncompatible"
  },
  {
    "@level": "info",
    "@message": "Source implements flex.TypedExpander",
    "@module": "provider.autoflex",
    "autoflex.source.path": "",
    "autoflex.source.type": "github.com/hashicorp/terraform-provider-aws/internal/framework/flex.tfTypedExpander",
    "autoflex.target.path": "",
    "autoflex.target.type": "*github.com/hashicorp/terraform-provider-aws/internal/framework/flex.awsExpanderIncompatible"
  }
]