[
  {
    "@level": "info",
    "@message": "Expanding",
    "@module": "provider.autoflex",
    "autoflex.source.type": "*",
    "autoflex.target.type": "*"
  },
  {
    "@level": "info",
    "@message": "Converting",
    "@module": "provider.autoflex",
    "autoflex.source.path": "",
    "autoflex.source.type": "",
    "autoflex.target.path": "",
    "autoflex.target.type": "*"
  },
  {
    "@level": "trace",
    "@message": "Matched fields",
    "@module": "provider.autoflex",
    "autoflex.source.fieldname": "Field1",
    "autoflex.source.path": "",
    "autoflex.source.type": "",
    "autoflex.target.fieldname": "Field1",
    "autoflex.target.path": "",
    "autoflex.target.type": "*"
  },
  {
    "@level": "info",
    "@message": "Converting",
    "@module": "provider.autoflex",
    "autoflex.source.path": "Field1",
    "autoflex.source.type": "github.com/hashicorp/terraform-plugin-framework/types/basetypes.Int64Value",
    "autoflex.target.path": "Field1",
    "autoflex.target.type": "*int64"
  },
  {
    "@level": "debug",
    "@message": "Using legacy expander",
    "@module": "provider.autoflex",
    "autoflex.source.path": "Field1",
    "autoflex.source.type": "github.com/hashicorp/terraform-plugin-framework/types/basetypes.Int64Value",
    "autoflex.target.path": "Field1",
    "autoflex.target.type": "*int64"
  },
  {
    "@level": "info",
    "@message": "Flattening",
    "@module": "provider.autoflex",
    "autoflex.source.type": "*",
    "autoflex.target.type": "*"
  },
  {
    "@level": "info",
    "@message": "Converting",
    "@module": "provider.autoflex",
    "autoflex.source.path": "",
    "autoflex.source.type": "",
    "autoflex.target.path": "",
    "autoflex.target.type": "*"
  },
  {
    "@level": "trace",
    "@message": "Matched fields",
    "@module": "provider.autoflex",
    "autoflex.source.fieldname": "Field1",
    "autoflex.source.path": "",
    "autoflex.source.type": "",
    "autoflex.target.fieldname": "Field1",
    "autoflex.target.path": "",
    "autoflex.target.type": "*"
  },
  {
    "@level": "info",
    "@message": "Converting",
    "@module": "provider.autoflex",
    "autoflex.source.path": "Field1",
    "autoflex.source.type": "*int64",
    "autoflex.target.path": "Field1",
    "autoflex.target.type": "github.com/hashicorp/terraform-plugin-framework/types/basetypes.Int64Value"
  },
  {
    "@level": "debug",
    "@message": "Using legacy flattener",
    "@module": "provider.autoflex",
    "autoflex.source.path": "Field1",
    "autoflex.source.type": "*int64",
    "autoflex.target.path": "Field1",
    "autoflex.target.type": "github.com/hashicorp/terraform-plugin-framework/types/basetypes.Int64Value"
  }
]