[
  {
    "@level": "info",
    "@message": "Flattening",
    "@module": "provider.autoflex",
    "autoflex.source.type": "*github.com/hashicorp/terraform-provider-aws/internal/framework/flex.awsAllThePrimitiveFields",
    "autoflex.target.type": "*github.com/hashicorp/terraform-provider-aws/internal/framework/flex.tfAllThePrimitiveFields"
  },
  {
    "@level": "info",
    "@message": "Converting",
    "@module": "provider.autoflex",
    "autoflex.source.path": "",
    "autoflex.source.type": "github.com/hashicorp/terraform-provider-aws/internal/framework/flex.awsAllThePrimitiveFields",
    "autoflex.target.path": "",
    "autoflex.target.type": "*github.com/hashicorp/terraform-provider-aws/internal/framework/flex.tfAllThePrimitiveFields"
  },
  {
    "@level": "trace",
    "@message": "Matched fields",
    "@module": "provider.autoflex",
    "autoflex.source.fieldname": "Field1",
    "autoflex.source.path": "",
    "autoflex.source.type": "github.com/hashicorp/terraform-provider-aws/internal/framework/flex.awsAllThePrimitiveFields",
    "autoflex.target.fieldname": "Field1",
    "autoflex.target.path": "",
    "autoflex.target.type": "*github.com/hashicorp/terraform-provider-aws/internal/framework/flex.tfAllThePrimitiveFields"
  },
  {
    "@level": "info",
    "@message": "Converting",
    "@module": "provider.autoflex",
    "autoflex.source.path": "Field1",
    "autoflex.source.type": "string",
    "autoflex.target.path": "Field1",
    "autoflex.target.type": "github.com/hashicorp/terraform-plugin-framework/types/basetypes.StringValue"
  },
  {
    "@level": "trace",
    "@message": "Matched fields",
    "@module": "provider.autoflex",
    "autoflex.source.fieldname": "Field2",
    "autoflex.source.path": "",
    "autoflex.source.type": "github.com/hashicorp/terraform-provider-aws/internal/framework/flex.awsAllThePrimitiveFields",
    "autoflex.target.fieldname": "Field2",
    "autoflex.target.path": "",
    "autoflex.target.type": "*github.com/hashicorp/terraform-provider-aws/internal/framework/flex.tfAllThePrimitiveFields"
  },
  {
    "@level": "info",
    "@message": "Converting",
    "@module": "provider.autoflex",
    "autoflex.source.path": "Field2",
    "autoflex.source.type": "*string",
    "autoflex.target.path": "Field2",
    "autoflex.target.type": "github.com/hashicorp/terraform-plugin-framework/types/basetypes.StringValue"
  },
  {
    "@level": "trace",
    "@message": "Matched fields",
    "@module": "provider.autoflex",
    "autoflex.source.fieldname": "Field3",
    "autoflex.source.path": "",
    "autoflex.source.type": "github.com/hashicorp/terraform-provider-aws/internal/framework/flex.awsAllThePrimitiveFields",
    "autoflex.target.fieldname": "Field3",
    "autoflex.target.path": "",
    "autoflex.target.type": "*github.com/hashicorp/terraform-provider-aws/internal/framework/flex.tfAllThePrimitiveFields"
  },
  {
    "@level": "info",
    "@message": "Converting",
    "@module": "provider.autoflex",
    "autoflex.source.path": "Field3",
    "autoflex.source.type": "int32",
    "autoflex.target.path": "Field3",
    "autoflex.target.type": "github.com/hashicorp/terraform-plugin-framework/types/basetypes.Int64Value"
  },
  {
    "@level": "trace",
    "@message": "Matched fields",
    "@module": "provider.autoflex",
    "autoflex.source.fieldname": "Field4",
    "autoflex.source.path": "",
    "autoflex.source.type": "github.com/hashicorp/terraform-provider-aws/internal/framework/flex.awsAllThePrimitiveFields",
    "autoflex.target.fieldname": "Field4",
    "autoflex.target.path": "",
    "autoflex.target.type": "*github.com/hashicorp/terraform-provider-aws/internal/framework/flex.tfAllThePrimitiveFields"
  },
  {
    "@level": "info",
    "@message": "Converting",
    "@module": "provider.autoflex",
    "autoflex.source.path": "Field4",
    "autoflex.source.type": "*int32",
    "autoflex.target.path": "Field4",
    "autoflex.target.type": "github.com/hashicorp/terraform-plugin-framework/types/basetypes.Int64Value"
  },
  {
    "@level": "trace",
    "@message": "Matched fields",
    "@module": "provider.autoflex",
    "autoflex.source.fieldname": "Field5",
    "autoflex.source.path": "",
    "autoflex.source.type": "github.com/hashicorp/terraform-provider-aws/internal/framework/flex.awsAllThePrimitiveFields",
    "autoflex.target.fieldname": "Field5",
    "autoflex.target.path": "",
    "autoflex.target.type": "*github.com/hashicorp/terraform-provider-aws/internal/framework/flex.tfAllThePrimitiveFields"
  },
  {
    "@level": "info",
    "@message": "Converting",
    "@module": "provider.autoflex",
    "autoflex.source.path": "Field5",
    "autoflex.source.type": "int64",
    "autoflex.target.path": "Field5",
    "autoflex.target.type": "github.com/hashicorp/terraform-plugin-framework/types/basetypes.Int64Value"
  },
  {
    "@level": "trace",
    "@message": "Matched fields",
    "@module": "provider.autoflex",
    "autoflex.source.fieldname": "Field6",
    "autoflex.source.path": "",
    "autoflex.source.type": "github.com/hashicorp/terraform-provider-aws/internal/framework/flex.awsAllThePrimitiveFields",
    "autoflex.target.fieldname": "Field6",
    "autoflex.target.path": "",
    "autoflex.target.type": "*github.com/hashicorp/terraform-provider-aws/internal/framework/flex.tfAllThePrimitiveFields"
  },
  {
    "@level": "info",
    "@message": "Converting",
    "@module": "provider.autoflex",
    "autoflex.source.path": "Field6",
    "autoflex.source.type": "*int64",
    "autoflex.target.path": "Field6",
    "autoflex.target.type": "github.com/hashicorp/terraform-plugin-framework/types/basetypes.Int64Value"
  },
  {
    "@level": "trace",
    "@message": "Matched fields",
    "@module": "provider.autoflex",
    "autoflex.source.fieldname": "Field7",
    "autoflex.source.path": "",
    "autoflex.source.type": "github.com/hashicorp/terraform-provider-aws/internal/framework/flex.awsAllThePrimitiveFields",
    "autoflex.target.fieldname": "Field7",
    "autoflex.target.path": "",
    "autoflex.target.type": "*github.com/hashicorp/terraform-provider-aws/internal/framework/flex.tfAllThePrimitiveFields"
  },
  {
    "@level": "info",
    "@message": "Converting",
    "@module": "provider.autoflex",
    "autoflex.source.path": "Field7",
    "autoflex.source.type": "float32",
    "autoflex.target.path": "Field7",
    "autoflex.target.type": "github.com/hashicorp/terraform-plugin-framework/types/basetypes.Float64Value"
  },
  {
    "@level": "trace",
    "@message": "Matched fields",
    "@module": "provider.autoflex",
    "autoflex.source.fieldname": "Field8",
    "autoflex.source.path": "",
    "autoflex.source.type": "github.com/hashicorp/terraform-provider-aws/internal/framework/flex.awsAllThePrimitiveFields",
    "autoflex.target.fieldname": "Field8",
    "autoflex.target.path": "",
    "autoflex.target.type": "*github.com/hashicorp/terraform-provider-aws/internal/framework/flex.tfAllThePrimitiveFields"
  },
  {
    "@level": "info",
    "@message": "Converting",
    "@module": "provider.autoflex",
    "autoflex.source.path": "Field8",
    "autoflex.source.type": "*float32",
    "autoflex.target.path": "Field8",
    "autoflex.target.type": "github.com/hashicorp/terraform-plugin-framework/types/basetypes.Float64Value"
  },
  {
    "@level": "trace",
    "@message": "Matched fields",
    "@module": "provider.autoflex",
    "autoflex.source.fieldname": "Field9",
    "autoflex.source.path": "",
    "autoflex.source.type": "github.com/hashicorp/terraform-provider-aws/internal/framework/flex.awsAllThePrimitiveFields",
    "autoflex.target.fieldname": "Field9",
    "autoflex.target.path": "",
    "autoflex.target.type": "*github.com/hashicorp/terraform-provider-aws/internal/framework/flex.tfAllThePrimitiveFields"
  },
  {
    "@level": "info",
    "@message": "Converting",
    "@module": "provider.autoflex",
    "autoflex.source.path": "Field9",
    "autoflex.source.type": "float64",
    "autoflex.target.path": "Field9",
    "autoflex.target.type": "github.com/hashicorp/terraform-plugin-framework/types/basetypes.Float64Value"
  },
  {
    "@level": "trace",
    "@message": "Matched fields",
    "@module": "provider.autoflex",
    "autoflex.source.fieldname": "Field10",
    "autoflex.source.path": "",
    "autoflex.source.type": "github.com/hashicorp/terraform-provider-aws/internal/framework/flex.awsAllThePrimitiveFields",
    "autoflex.target.fieldname": "Field10",
    "autoflex.target.path": "",
    "autoflex.target.type": "*github.com/hashicorp/terraform-provider-aws/internal/framework/flex.tfAllThePrimitiveFields"
  },
  {
    "@level": "info",
    "@message": "Converting",
    "@module": "provider.autoflex",
    "autoflex.source.path": "Field10",
    "autoflex.source.type": "*float64",
    "autoflex.target.path": "Field10",
    "autoflex.target.type": "github.com/hashicorp/terraform-plugin-framework/types/basetypes.Float64Value"
  },
  {
    "@level": "trace",
    "@message": "Matched fields",
    "@module": "provider.autoflex",
    "autoflex.source.fieldname": "Field11",
    "autoflex.source.path": "",
    "autoflex.source.type": "github.com/hashicorp/terraform-provider-aws/internal/framework/flex.awsAllThePrimitiveFields",
    "autoflex.target.fieldname": "Field11",
    "autoflex.target.path": "",
    "autoflex.target.type": "*github.com/hashicorp/terraform-provider-aws/internal/framework/flex.tfAllThePrimitiveFields"
  },
  {
    "@level": "info",
    "@message": "Converting",
    "@module": "provider.autoflex",
    "autoflex.source.path": "Field11",
    "autoflex.source.type": "bool",
    "autoflex.target.path": "Field11",
    "autoflex.target.type": "github.com/hashicorp/terraform-plugin-framework/types/basetypes.BoolValue"
  },
  {
    "@level": "trace",
    "@message": "Matched fields",
    "@module": "provider.autoflex",
    "autoflex.source.fieldname": "Field12",
    "autoflex.source.path": "",
    "autoflex.source.type": "github.com/hashicorp/terraform-provider-aws/internal/framework/flex.awsAllThePrimitiveFields",
    "autoflex.target.fieldname": "Field12",
    "autoflex.target.path": "",
    "autoflex.target.type": "*github.com/hashicorp/terraform-provider-aws/internal/framework/flex.tfAllThePrimitiveFields"
  },
  {
    "@level": "info",
    "@message": "Converting",
    "@module": "provider.autoflex",
    "autoflex.source.path": "Field12",
    "autoflex.source.type": "*bool",
    "autoflex.target.path": "Field12",
    "autoflex.target.type": "github.com/hashicorp/terraform-plugin-framework/types/basetypes.BoolValue"
  }
]