[
  {
    "@level": "info",
    "@message": "Flattening",
    "@module": "provider.autoflex",
    "autoflex.source.type": "*github.com/hashicorp/terraform-provider-aws/internal/framework/flex.awsMapBlockValues",
    "autoflex.target.type": "*github.com/hashicorp/terraform-provider-aws/internal/framework/flex.tfMapBlockListNoKey"
  },
  {
    "@level": "info",
    "@message": "Converting",
    "@module": "provider.autoflex",
    "autoflex.source.path": "",
    "autoflex.source.type": "github.com/hashicorp/terraform-provider-aws/internal/framework/flex.awsMapBlockValues",
    "autoflex.target.path": "",
    "autoflex.target.type": "*github.com/hashicorp/terraform-provider-aws/internal/framework/flex.tfMapBlockListNoKey"
  },
  {
    "@level": "trace",
    "@message": "Matched fields",
    "@module": "provider.autoflex",
    "autoflex.source.fieldname": "MapBlock",
    "autoflex.source.path": "",
    "autoflex.source.type": "github.com/hashicorp/terraform-provider-aws/internal/framework/flex.awsMapBlockValues",
    "autoflex.target.fieldname": "MapBlock",
    "autoflex.target.path": "",
    "autoflex.target.type": "*github.com/hashicorp/terraform-provider-aws/internal/framework/flex.tfMapBlockListNoKey"
  },
  {
    "@level": "info",
    "@message": "Converting",
    "@module": "provider.autoflex",
    "autoflex.source.path": "MapBlock",
    "autoflex.source.type": "map[string]github.com/hashicorp/terraform-provider-aws/internal/framework/flex.awsMapBlockElement",
    "autoflex.target.path": "MapBlock",
    "autoflex.target.type": "github.com/hashicorp/terraform-provider-aws/internal/framework/types.ListNestedObjectValueOf[github.com/hashicorp/terraform-provider-aws/internal/framework/flex.tfMapBlockElementNoKey]"
  },
  {
    "@level": "error",
    "@message": "Target has no map block key",
    "@module": "provider.autoflex",
    "autoflex.source.path": "MapBlock[\"x\"]",
    "autoflex.source.type": "github.com/hashicorp/terraform-provider-aws/internal/framework/flex.awsMapBlockElement",
    "autoflex.target.path": "MapBlock[0]",
    "autoflex.target.type": "github.com/hashicorp/terraform-provider-aws/internal/framework/flex.tfMapBlockElementNoKey"
  }
]