[
  {
    "@level": "info",
    "@message": "Flattening",
    "@module": "provider.autoflex",
    "autoflex.source.type": "*github.com/hashicorp/terraform-provider-aws/internal/framework/flex.awsMapBlockPointers",
    "autoflex.target.type": "*github.com/hashicorp/terraform-provider-aws/internal/framework/flex.tfMapBlockList"
  },
  {
    "@level": "info",
    "@message": "Converting",
    "@module": "provider.autoflex",
    "autoflex.source.path": "",
    "autoflex.source.type": "github.com/hashicorp/terraform-provider-aws/internal/framework/flex.awsMapBlockPointers",
    "autoflex.target.path": "",
    "autoflex.target.type": "*github.com/hashicorp/terraform-provider-aws/internal/framework/flex.tfMapBlockList"
  },
  {
    "@level": "trace",
    "@message": "Matched fields",
    "@module": "provider.autoflex",
    "autoflex.source.fieldname": "MapBlock",
    "autoflex.source.path": "",
    "autoflex.source.type": "github.com/hashicorp/terraform-provider-aws/internal/framework/flex.awsMapBlockPointers",
    "autoflex.target.fieldname": "MapBlock",
    "autoflex.target.path": "",
    "autoflex.target.type": "*github.com/hashicorp/terraform-provider-aws/internal/framework/flex.tfMapBlockList"
  },
  {
    "@level": "info",
    "@message": "Converting",
    "@module": "provider.autoflex",
    "autoflex.source.path": "MapBlock",
    "autoflex.source.type": "map[string]*github.com/hashicorp/terraform-provider-aws/internal/framework/flex.awsMapBlockElement",
    "autoflex.target.path": "MapBlock",
    "autoflex.target.type": "github.com/hashicorp/terraform-provider-aws/internal/framework/types.ListNestedObjectValueOf[github.com/hashicorp/terraform-provider-aws/internal/framework/flex.tfMapBlockElement]"
  },
  {
    "@level": "trace",
    "@message": "Matched fields",
    "@module": "provider.autoflex",
    "autoflex.source.fieldname": "Attr1",
    "autoflex.source.path": "MapBlock[\"x\"]",
    "autoflex.source.type": "github.com/hashicorp/terraform-provider-aws/internal/framework/flex.awsMapBlockElement",
    "autoflex.target.fieldname": "Attr1",
    "autoflex.target.path": "MapBlock[0]",
    "autoflex.target.type": "*github.com/hashicorp/terraform-provider-aws/internal/framework/flex.tfMapBlockElement"
  },
  {
    "@level": "info",
    "@message": "Converting",
    "@module": "provider.autoflex",
    "autoflex.source.path": "MapBlock[\"x\"].Attr1",
    "autoflex.source.type": "string",
    "autoflex.target.path": "MapBlock[0].Attr1",
    "autoflex.target.type": "github.com/hashicorp/terraform-plugin-framework/types/basetypes.StringValue"
  },
  {
    "@level": "trace",
    "@message": "Matched fields",
    "@module": "provider.autoflex",
    "autoflex.source.fieldname": "Attr2",
    "autoflex.source.path": "MapBlock[\"x\"]",
    "autoflex.source.type": "github.com/hashicorp/terraform-provider-aws/internal/framework/flex.awsMapBlockElement",
    "autoflex.target.fieldname": "Attr2",
    "autoflex.target.path": "MapBlock[0]",
    "autoflex.target.type": "*github.com/hashicorp/terraform-provider-aws/internal/framework/flex.tfMapBlockElement"
  },
  {
    "@level": "info",
    "@message": "Converting",
    "@module": "provider.autoflex",
    "autoflex.source.path": "MapBlock[\"x\"].Attr2",
    "autoflex.source.type": "string",
    "autoflex.target.path": "MapBlock[0].Attr2",
    "autoflex.target.type": "github.com/hashicorp/terraform-plugin-framework/types/basetypes.StringValue"
  }
]