[
  {
    "@level": "info",
    "@message": "Flattening",
    "@module": "provider.autoflex",
    "autoflex.source.type": "*github.com/hashicorp/terraform-provider-aws/internal/framework/flex.awsSingleStringValue",
    "autoflex.target.type": "*github.com/hashicorp/terraform-provider-aws/internal/framework/flex.tfSingleInt64Field"
  },
  {
    "@level": "info",
    "@message": "Converting",
    "@module": "provider.autoflex",
    "autoflex.source.path": "",
    "autoflex.source.type": "github.com/hashicorp/terraform-provider-aws/internal/framework/flex.awsSingleStringValue",
    "autoflex.target.path": "",
    "autoflex.target.type": "*github.com/hashicorp/terraform-provider-aws/internal/framework/flex.tfSingleInt64Field"
  },
  {
    "@level": "trace",
    "@message": "Matched fields",
    "@module": "provider.autoflex",
    "autoflex.source.fieldname": "Field1",
    "autoflex.source.path": "",
    "autoflex.source.type": "github.com/hashicorp/terraform-provider-aws/internal/framework/flex.awsSingleStringValue",
    "autoflex.target.fieldname": "Field1",
    "autoflex.target.path": "",
    "autoflex.target.type": "*github.com/hashicorp/terraform-provider-aws/internal/framework/flex.tfSingleInt64Field"
  },
  {
    "@level": "info",
    "@message": "Converting",
    "@module": "provider.autoflex",
    "autoflex.source.path": "Field1",
    "autoflex.source.type": "string",
    "autoflex.target.path": "Field1",
    "autoflex.target.type": "github.com/hashicorp/terraform-plugin-framework/types/basetypes.Int64Value"
  },
  {
    "@level": "error",
    "@message": "AutoFlex Flatten; incompatible types",
    "@module": "provider.autoflex",
    "autoflex.source.path": "Field1",
    "autoflex.source.type": "string",
    "autoflex.target.path": "Field1",
    "autoflex.target.type": "github.com/hashicorp/terraform-plugin-framework/types/basetypes.Int64Value",
    "from": 24,
    "to": {}
  }
]