[
  {
    "@level": "info",
    "@message": "Flattening",
    "@module": "provider.autoflex",
    "autoflex.source.type": "github.com/hashicorp/terraform-provider-aws/internal/framework/flex.awsInterfaceSingle",
    "autoflex.target.type": "*github.com/hashicorp/terraform-provider-aws/internal/framework/flex.tfListNestedObject[github.com/hashicorp/terraform-provider-aws/internal/framework/flex.tfInterfaceFlexer]"
  },
  {
    "@level": "info",
    "@message": "Converting",
    "@module": "provider.autoflex",
    "autoflex.source.path": "",
    "autoflex.source.type": "github.com/hashicorp/terraform-provider-aws/internal/framework/flex.awsInterfaceSingle",
    "autoflex.target.path": "",
    "autoflex.target.type": "*github.com/hashicorp/terraform-provider-aws/internal/framework/flex.tfListNestedObject[github.com/hashicorp/terraform-provider-aws/internal/framework/flex.tfInterfaceFlexer]"
  },
  {
    "@level": "trace",
    "@message": "Matched fields",
    "@module": "provider.autoflex",
    "autoflex.source.fieldname": "Field1",
    "autoflex.source.path": "",
    "autoflex.source.type": "github.com/hashicorp/terraform-provider-aws/internal/framework/flex.awsInterfaceSingle",
    "autoflex.target.fieldname": "Field1",
    "autoflex.target.path": "",
    "autoflex.target.type": "*github.com/hashicorp/terraform-provider-aws/internal/framework/flex.tfListNestedObject[github.com/hashicorp/terraform-provider-aws/internal/framework/flex.tfInterfaceFlexer]"
  },
  {
    "@level": "info",
    "@message": "Converting",
    "@module": "provider.autoflex",
    "autoflex.source.path": "Field1",
    "autoflex.source.type": "github.com/hashicorp/terraform-provider-aws/internal/framework/flex.awsInterfaceInterface",
    "autoflex.target.path": "Field1",
    "autoflex.target.type": "github.com/hashicorp/terraform-provider-aws/internal/framework/types.ListNestedObjectValueOf[github.com/hashicorp/terraform-provider-aws/internal/framework/flex.tfInterfaceFlexer]"
  },
  {
    "@level": "info",
    "@message": "Target implements flex.Flattener",
    "@module": "provider.autoflex",
    "autoflex.source.path": "Field1",
    "autoflex.source.type": "github.com/hashicorp/terraform-provider-aws/internal/framework/flex.awsInterfaceInterface",
    "autoflex.target.path": "Field1",
    "autoflex.target.type": "github.com/hashicorp/terraform-provider-aws/internal/framework/types.ListNestedObjectValueOf[github.com/hashicorp/terraform-provider-aws/internal/framework/flex.tfInterfaceFlexer]"
  }
]