[
  {
    "@level": "info",
    "@message": "Flattening",
    "@module": "provider.autoflex",
    "autoflex.source.type": "github.com/hashicorp/terraform-provider-aws/internal/framework/flex.awsFunctionAssociationsForFlatten",
    "autoflex.target.type": "*github.com/hashicorp/terraform-provider-aws/internal/framework/flex.tfFunctionAssociationsModelForFlatten"
  },
  {
    "@level": "info",
    "@message": "Converting",
    "@module": "provider.autoflex",
    "autoflex.source.path": "",
    "autoflex.source.type": "github.com/hashicorp/terraform-provider-aws/internal/framework/flex.awsFunctionAssociationsForFlatten",
    "autoflex.target.path": "",
    "autoflex.target.type": "*github.com/hashicorp/terraform-provider-aws/internal/framework/flex.tfFunctionAssociationsModelForFlatten"
  },
  {
    "@level": "trace",
    "@message": "Converting entire XML wrapper struct to collection field",
    "@module": "provider.autoflex",
    "autoflex.source.path": "",
    "autoflex.source.type": "flex.awsFunctionAssociationsForFlatten",
    "autoflex.target.fieldname": "FunctionAssociations",
    "autoflex.target.path": "",
    "autoflex.target.type": "*github.com/hashicorp/terraform-provider-aws/internal/framework/flex.tfFunctionAssociationsModelForFlatten",
    "wrapper_field": "items"
  },
  {
    "@level": "trace",
    "@message": "Starting XML wrapper flatten",
    "@module": "provider.autoflex",
    "autoflex.source.path": "",
    "autoflex.source.type": "github.com/hashicorp/terraform-provider-aws/internal/framework/flex.awsFunctionAssociationsForFlatten",
    "autoflex.target.path": "",
    "autoflex.target.type": "*github.com/hashicorp/terraform-provider-aws/internal/framework/flex.tfFunctionAssociationsModelForFlatten",
    "source_type": "flex.awsFunctionAssociationsForFlatten",
    "target_type": "SetNestedObjectTypeOf[flex.FunctionAssociationTF]",
    "wrapper_field": "items"
  },
  {
    "@level": "trace",
    "@message": "Found Items field",
    "@module": "provider.autoflex",
    "autoflex.source.path": "",
    "autoflex.source.type": "github.com/hashicorp/terraform-provider-aws/internal/framework/flex.awsFunctionAssociationsForFlatten",
    "autoflex.target.path": "",
    "autoflex.target.type": "*github.com/hashicorp/terraform-provider-aws/internal/framework/flex.tfFunctionAssociationsModelForFlatten",
    "items_is_nil": false,
    "items_kind": "slice",
    "items_len": 2,
    "items_type": "[]flex.FunctionAssociation"
  },
  {
    "@level": "trace",
    "@message": "Using target element type",
    "@module": "provider.autoflex",
    "autoflex.source.path": "",
    "autoflex.source.type": "github.com/hashicorp/terraform-provider-aws/internal/framework/flex.awsFunctionAssociationsForFlatten",
    "autoflex.target.path": "",
    "autoflex.target.type": "*github.com/hashicorp/terraform-provider-aws/internal/framework/flex.tfFunctionAssociationsModelForFlatten",
    "element_type": "ObjectTypeOf[flex.FunctionAssociationTF]"
  },
  {
    "@level": "trace",
    "@message": "Converting items to set elements",
    "@module": "provider.autoflex",
    "autoflex.source.path": "",
    "autoflex.source.type": "github.com/hashicorp/terraform-provider-aws/internal/framework/flex.awsFunctionAssociationsForFlatten",
    "autoflex.target.path": "",
    "autoflex.target.type": "*github.com/hashicorp/terraform-provider-aws/internal/framework/flex.tfFunctionAssociationsModelForFlatten",
    "items_count": 2
  },
  {
    "@level": "trace",
    "@message": "Processing item",
    "@module": "provider.autoflex",
    "autoflex.source.path": "",
    "autoflex.source.type": "github.com/hashicorp/terraform-provider-aws/internal/framework/flex.awsFunctionAssociationsForFlatten",
    "autoflex.target.path": "",
    "autoflex.target.type": "*github.com/hashicorp/terraform-provider-aws/internal/framework/flex.tfFunctionAssociationsModelForFlatten",
    "index": 0,
    "item_kind": "struct",
    "item_value": {
      "EventType": "viewer-request",
      "FunctionARN": "arn:aws:cloudfront::123456789012:function/example-function"
    }
  },
  {
    "@level": "info",
    "@message": "Converting",
    "@module": "provider.autoflex",
    "autoflex.source.path": "",
    "autoflex.source.type": "github.com/hashicorp/terraform-provider-aws/internal/framework/flex.FunctionAssociation",
    "autoflex.target.path": "",
    "autoflex.target.type": "github.com/hashicorp/terraform-provider-aws/internal/framework/types.ObjectValueOf[github.com/hashicorp/terraform-provider-aws/internal/framework/flex.FunctionAssociationTF]"
  },
  {
    "@level": "trace",
    "@message": "Matched fields",
    "@module": "provider.autoflex",
    "autoflex.source.fieldname": "EventType",
    "autoflex.source.path": "",
    "autoflex.source.type": "github.com/hashicorp/terraform-provider-aws/internal/framework/flex.FunctionAssociation",
    "autoflex.target.fieldname": "EventType",
    "autoflex.target.path": "",
    "autoflex.target.type": "*github.com/hashicorp/terraform-provider-aws/internal/framework/flex.FunctionAssociationTF"
  },
  {
    "@level": "info",
    "@message": "Converting",
    "@module": "provider.autoflex",
    "autoflex.source.path": "EventType",
    "autoflex.source.type": "string",
    "autoflex.target.path": "EventType",
    "autoflex.target.type": "github.com/hashicorp/terraform-plugin-framework/types/basetypes.StringValue"
  },
  {
    "@level": "trace",
    "@message": "Matched fields",
    "@module": "provider.autoflex",
    "autoflex.source.fieldname": "FunctionARN",
    "autoflex.source.path": "",
    "autoflex.source.type": "github.com/hashicorp/terraform-provider-aws/internal/framework/flex.FunctionAssociation",
    "autoflex.target.fieldname": "FunctionARN",
    "autoflex.target.path": "",
    "autoflex.target.type": "*github.com/hashicorp/terraform-provider-aws/internal/framework/flex.FunctionAssociationTF"
  },
  {
    "@level": "info",
    "@message": "Converting",
    "@module": "provider.autoflex",
    "autoflex.source.path": "FunctionARN",
    "autoflex.source.type": "*string",
    "autoflex.target.path": "FunctionARN",
    "autoflex.target.type": "github.com/hashicorp/terraform-plugin-framework/types/basetypes.StringValue"
  },
  {
    "@level": "trace",
    "@message": "Processing item",
    "@module": "provider.autoflex",
    "autoflex.source.path": "",
    "autoflex.source.type": "github.com/hashicorp/terraform-provider-aws/internal/framework/flex.awsFunctionAssociationsForFlatten",
    "autoflex.target.path": "",
    "autoflex.target.type": "*github.com/hashicorp/terraform-provider-aws/internal/framework/flex.tfFunctionAssociationsModelForFlatten",
    "index": 1,
    "item_kind": "struct",
    "item_value": {
      "EventType": "viewer-response",
      "FunctionARN": "arn:aws:cloudfront::123456789012:function/another-function"
    }
  },
  {
    "@level": "info",
    "@message": "Converting",
    "@module": "provider.autoflex",
    "autoflex.source.path": "",
    "autoflex.source.type": "github.com/hashicorp/terraform-provider-aws/internal/framework/flex.FunctionAssociation",
    "autoflex.target.path": "",
    "autoflex.target.type": "github.com/hashicorp/terraform-provider-aws/internal/framework/types.ObjectValueOf[github.com/hashicorp/terraform-provider-aws/internal/framework/flex.FunctionAssociationTF]"
  },
  {
    "@level": "trace",
    "@message": "Matched fields",
    "@module": "provider.autoflex",
    "autoflex.source.fieldname": "EventType",
    "autoflex.source.path": "",
    "autoflex.source.type": "github.com/hashicorp/terraform-provider-aws/internal/framework/flex.FunctionAssociation",
    "autoflex.target.fieldname": "EventType",
    "autoflex.target.path": "",
    "autoflex.target.type": "*github.com/hashicorp/terraform-provider-aws/internal/framework/flex.FunctionAssociationTF"
  },
  {
    "@level": "info",
    "@message": "Converting",
    "@module": "provider.autoflex",
    "autoflex.source.path": "EventType",
    "autoflex.source.type": "string",
    "autoflex.target.path": "EventType",
    "autoflex.target.type": "github.com/hashicorp/terraform-plugin-framework/types/basetypes.StringValue"
  },
  {
    "@level": "trace",
    "@message": "Matched fields",
    "@module": "provider.autoflex",
    "autoflex.source.fieldname": "FunctionARN",
    "autoflex.source.path": "",
    "autoflex.source.type": "github.com/hashicorp/terraform-provider-aws/internal/framework/flex.FunctionAssociation",
    "autoflex.target.fieldname": "FunctionARN",
    "autoflex.target.path": "",
    "autoflex.target.type": "*github.com/hashicorp/terraform-provider-aws/internal/framework/flex.FunctionAssociationTF"
  },
  {
    "@level": "info",
    "@message": "Converting",
    "@module": "provider.autoflex",
    "autoflex.source.path": "FunctionARN",
    "autoflex.source.type": "*string",
    "autoflex.target.path": "FunctionARN",
    "autoflex.target.type": "github.com/hashicorp/terraform-plugin-framework/types/basetypes.StringValue"
  },
  {
    "@level": "trace",
    "@message": "Creating set value",
    "@module": "provider.autoflex",
    "autoflex.source.path": "",
    "autoflex.source.type": "github.com/hashicorp/terraform-provider-aws/internal/framework/flex.awsFunctionAssociationsForFlatten",
    "autoflex.target.path": "",
    "autoflex.target.type": "*github.com/hashicorp/terraform-provider-aws/internal/framework/flex.tfFunctionAssociationsModelForFlatten",
    "element_count": 2,
    "element_type": "ObjectTypeOf[flex.FunctionAssociationTF]"
  }
]