[
  {
    "@level": "info",
    "@message": "Flattening",
    "@module": "provider.autoflex",
    "autoflex.source.type": "github.com/hashicorp/terraform-provider-aws/internal/framework/flex.awsStatusCodesForFlatten",
    "autoflex.target.type": "*github.com/hashicorp/terraform-provider-aws/internal/framework/flex.tfStatusCodesModelForFlatten"
  },
  {
    "@level": "info",
    "@message": "Converting",
    "@module": "provider.autoflex",
    "autoflex.source.path": "",
    "autoflex.source.type": "github.com/hashicorp/terraform-provider-aws/internal/framework/flex.awsStatusCodesForFlatten",
    "autoflex.target.path": "",
    "autoflex.target.type": "*github.com/hashicorp/terraform-provider-aws/internal/framework/flex.tfStatusCodesModelForFlatten"
  },
  {
    "@level": "trace",
    "@message": "Converting entire XML wrapper struct to collection field",
    "@module": "provider.autoflex",
    "autoflex.source.path": "",
    "autoflex.source.type": "flex.awsStatusCodesForFlatten",
    "autoflex.target.fieldname": "StatusCodes",
    "autoflex.target.path": "",
    "autoflex.target.type": "*github.com/hashicorp/terraform-provider-aws/internal/framework/flex.tfStatusCodesModelForFlatten",
    "wrapper_field": "items"
  },
  {
    "@level": "trace",
    "@message": "Starting XML wrapper flatten",
    "@module": "provider.autoflex",
    "autoflex.source.path": "",
    "autoflex.source.type": "github.com/hashicorp/terraform-provider-aws/internal/framework/flex.awsStatusCodesForFlatten",
    "autoflex.target.path": "",
    "autoflex.target.type": "*github.com/hashicorp/terraform-provider-aws/internal/framework/flex.tfStatusCodesModelForFlatten",
    "source_type": "flex.awsStatusCodesForFlatten",
    "target_type": "SetTypeOf[basetypes.Int64Value]",
    "wrapper_field": "items"
  },
  {
    "@level": "trace",
    "@message": "Found Items field",
    "@module": "provider.autoflex",
    "autoflex.source.path": "",
    "autoflex.source.type": "github.com/hashicorp/terraform-provider-aws/internal/framework/flex.awsStatusCodesForFlatten",
    "autoflex.target.path": "",
    "autoflex.target.type": "*github.com/hashicorp/terraform-provider-aws/internal/framework/flex.tfStatusCodesModelForFlatten",
    "items_is_nil": false,
    "items_kind": "slice",
    "items_len": 2,
    "items_type": "[]int32"
  },
  {
    "@level": "trace",
    "@message": "Using target element type",
    "@module": "provider.autoflex",
    "autoflex.source.path": "",
    "autoflex.source.type": "github.com/hashicorp/terraform-provider-aws/internal/framework/flex.awsStatusCodesForFlatten",
    "autoflex.target.path": "",
    "autoflex.target.type": "*github.com/hashicorp/terraform-provider-aws/internal/framework/flex.tfStatusCodesModelForFlatten",
    "element_type": "basetypes.Int64Type"
  },
  {
    "@level": "trace",
    "@message": "Converting items to set elements",
    "@module": "provider.autoflex",
    "autoflex.source.path": "",
    "autoflex.source.type": "github.com/hashicorp/terraform-provider-aws/internal/framework/flex.awsStatusCodesForFlatten",
    "autoflex.target.path": "",
    "autoflex.target.type": "*github.com/hashicorp/terraform-provider-aws/internal/framework/flex.tfStatusCodesModelForFlatten",
    "items_count": 2
  },
  {
    "@level": "trace",
    "@message": "Processing item",
    "@module": "provider.autoflex",
    "autoflex.source.path": "",
    "autoflex.source.type": "github.com/hashicorp/terraform-provider-aws/internal/framework/flex.awsStatusCodesForFlatten",
    "autoflex.target.path": "",
    "autoflex.target.type": "*github.com/hashicorp/terraform-provider-aws/internal/framework/flex.tfStatusCodesModelForFlatten",
    "index": 0,
    "item_kind": "int32",
    "item_value": 400
  },
  {
    "@level": "trace",
    "@message": "Processing item",
    "@module": "provider.autoflex",
    "autoflex.source.path": "",
    "autoflex.source.type": "github.com/hashicorp/terraform-provider-aws/internal/framework/flex.awsStatusCodesForFlatten",
    "autoflex.target.path": "",
    "autoflex.target.type": "*github.com/hashicorp/terraform-provider-aws/internal/framework/flex.tfStatusCodesModelForFlatten",
    "index": 1,
    "item_kind": "int32",
    "item_value": 404
  },
  {
    "@level": "trace",
    "@message": "Creating set value",
    "@module": "provider.autoflex",
    "autoflex.source.path": "",
    "autoflex.source.type": "github.com/hashicorp/terraform-provider-aws/internal/framework/flex.awsStatusCodesForFlatten",
    "autoflex.target.path": "",
    "autoflex.target.type": "*github.com/hashicorp/terraform-provider-aws/internal/framework/flex.tfStatusCodesModelForFlatten",
    "element_count": 2,
    "element_type": "basetypes.Int64Type"
  }
]