[
  {
    "@level": "info",
    "@message": "Expanding",
    "@module": "provider.autoflex",
    "autoflex.source.type": "*github.com/hashicorp/terraform-provider-aws/internal/framework/flex.tfMapOfMapOfString",
    "autoflex.target.type": "*github.com/hashicorp/terraform-provider-aws/internal/framework/flex.awsMapOfMapOfString"
  },
  {
    "@level": "info",
    "@message": "Converting",
    "@module": "provider.autoflex",
    "autoflex.source.path": "",
    "autoflex.source.type": "github.com/hashicorp/terraform-provider-aws/internal/framework/flex.tfMapOfMapOfString",
    "autoflex.target.path": "",
    "autoflex.target.type": "*github.com/hashicorp/terraform-provider-aws/internal/framework/flex.awsMapOfMapOfString"
  },
  {
    "@level": "trace",
    "@message": "Matched fields",
    "@module": "provider.autoflex",
    "autoflex.source.fieldname": "Field1",
    "autoflex.source.path": "",
    "autoflex.source.type": "github.com/hashicorp/terraform-provider-aws/internal/framework/flex.tfMapOfMapOfString",
    "autoflex.target.fieldname": "Field1",
    "autoflex.target.path": "",
    "autoflex.target.type": "*github.com/hashicorp/terraform-provider-aws/internal/framework/flex.awsMapOfMapOfString"
  },
  {
    "@level": "info",
    "@message": "Converting",
    "@module": "provider.autoflex",
    "autoflex.source.path": "Field1",
    "autoflex.source.type": "github.com/hashicorp/terraform-provider-aws/internal/framework/types.MapValueOf[github.com/hashicorp/terraform-provider-aws/internal/framework/types.MapValueOf[github.com/hashicorp/terraform-plugin-framework/types/basetypes.StringValue]]",
    "autoflex.target.path": "Field1",
    "autoflex.target.type": "map[string]map[string]string"
  },
  {
    "@level": "trace",
    "@message": "Expanding with ElementsAs",
    "@module": "provider.autoflex",
    "autoflex.source.path": "Field1",
    "autoflex.source.size": 1,
    "autoflex.source.type": "github.com/hashicorp/terraform-provider-aws/internal/framework/types.MapValueOf[github.com/hashicorp/terraform-provider-aws/internal/framework/types.MapValueOf[github.com/hashicorp/terraform-plugin-framework/types/basetypes.StringValue]]",
    "autoflex.target.path": "Field1",
    "autoflex.target.type": "map[string]map[string]string"
  }
]