[
  {
    "@level": "info",
    "@message": "Expanding",
    "@module": "provider.autoflex",
    "autoflex.source.type": "*github.com/hashicorp/terraform-provider-aws/internal/framework/flex.tfNestedMapOfString",
    "autoflex.target.type": "*github.com/hashicorp/terraform-provider-aws/internal/framework/flex.awsNestedMapOfString"
  },
  {
    "@level": "info",
    "@message": "Converting",
    "@module": "provider.autoflex",
    "autoflex.source.path": "",
    "autoflex.source.type": "github.com/hashicorp/terraform-provider-aws/internal/framework/flex.tfNestedMapOfString",
    "autoflex.target.path": "",
    "autoflex.target.type": "*github.com/hashicorp/terraform-provider-aws/internal/framework/flex.awsNestedMapOfString"
  },
  {
    "@level": "trace",
    "@message": "Matched fields",
    "@module": "provider.autoflex",
    "autoflex.source.fieldname": "FieldOuter",
    "autoflex.source.path": "",
    "autoflex.source.type": "github.com/hashicorp/terraform-provider-aws/internal/framework/flex.tfNestedMapOfString",
    "autoflex.target.fieldname": "FieldOuter",
    "autoflex.target.path": "",
    "autoflex.target.type": "*github.com/hashicorp/terraform-provider-aws/internal/framework/flex.awsNestedMapOfString"
  },
  {
    "@level": "info",
    "@message": "Converting",
    "@module": "provider.autoflex",
    "autoflex.source.path": "FieldOuter",
    "autoflex.source.type": "github.com/hashicorp/terraform-provider-aws/internal/framework/types.ListNestedObjectValueOf[github.com/hashicorp/terraform-provider-aws/internal/framework/flex.tfMapOfString]",
    "autoflex.target.path": "FieldOuter",
    "autoflex.target.type": "github.com/hashicorp/terraform-provider-aws/internal/framework/flex.awsMapOfString"
  },
  {
    "@level": "trace",
    "@message": "Matched fields",
    "@module": "provider.autoflex",
    "autoflex.source.fieldname": "FieldInner",
    "autoflex.source.path": "FieldOuter[0]",
    "autoflex.source.type": "github.com/hashicorp/terraform-provider-aws/internal/framework/flex.tfMapOfString",
    "autoflex.target.fieldname": "FieldInner",
    "autoflex.target.path": "FieldOuter",
    "autoflex.target.type": "*github.com/hashicorp/terraform-provider-aws/internal/framework/flex.awsMapOfString"
  },
  {
    "@level": "info",
    "@message": "Converting",
    "@module": "provider.autoflex",
    "autoflex.source.path": "FieldOuter[0].FieldInner",
    "autoflex.source.type": "github.com/hashicorp/terraform-provider-aws/internal/framework/types.MapValueOf[github.com/hashicorp/terraform-plugin-framework/types/basetypes.StringValue]",
    "autoflex.target.path": "FieldOuter.FieldInner",
    "autoflex.target.type": "map[string]string"
  },
  {
    "@level": "trace",
    "@message": "Expanding with ElementsAs",
    "@module": "provider.autoflex",
    "autoflex.source.path": "FieldOuter[0].FieldInner",
    "autoflex.source.size": 1,
    "autoflex.source.type": "github.com/hashicorp/terraform-provider-aws/internal/framework/types.MapValueOf[github.com/hashicorp/terraform-plugin-framework/types/basetypes.StringValue]",
    "autoflex.target.path": "FieldOuter.FieldInner",
    "autoflex.target.type": "map[string]string"
  }
]